
==============================================================================
  EXPERIMENT 2: Communication Savings vs Top-K (Table II)
==============================================================================
  Reference: 5 clients, 5 rounds, E=8 experts, sweep K=1..8
  K=1  acc=54.82%  saving=39.52%  wall=209.1s
  K=2  acc=53.93%  saving=33.88%  wall=238.4s
  K=3  acc=77.00%  saving=28.23%  wall=262.8s
  K=4  acc=62.49%  saving=22.58%  wall=287.9s
  K=5  acc=65.41%  saving=16.94%  wall=235.1s
  K=6  acc=62.32%  saving=11.29%  wall=364.1s
  K=7  acc=55.82%  saving= 5.65%  wall=460.4s
  K=8  acc=63.33%  saving= 0.00%  wall=495.5s
  [CHECKPOINT] Saved exp2 measurements to D:\projects\Major Project\verify\results\measured.json

  Compared to paper:
  [MATCH]    K=1 accuracy: paper=54.24% | measured=54.82% 
  [MATCH]    K=1 saving: paper=39.52% | measured=39.52% 
  [MATCH]    K=2 accuracy: paper=54.96% | measured=53.93% 
  [MATCH]    K=2 saving: paper=33.88% | measured=33.88% 
  [MISMATCH] K=3 accuracy: paper=57.66% | measured=77.00% 
  [MATCH]    K=3 saving: paper=28.23% | measured=28.23% 
  [MISMATCH] K=4 accuracy: paper=59.09% | measured=62.49% 
  [MATCH]    K=4 saving: paper=22.58% | measured=22.58% 
  [MISMATCH] K=8 accuracy: paper=55.99% | measured=63.33% 
  [MATCH]    K=8 saving: paper=0.00% | measured=0.00% 

  --> Saved final results to D:\projects\Major Project\verify\results\measured.json

==============================================================================
  EXPERIMENT 4: Robustness Under Poisoning (Table IV)
==============================================================================
  Reference: 5 clients, 5 rounds, label-flip poisoning, 0/20/40% malicious
  FedAvg         mal= 0%  acc=55.30%  n_mal=0  wall=187.1s
  FedAvg         mal=20%  acc=50.29%  n_mal=1  wall=234.8s
  FedAvg         mal=40%  acc=49.67%  n_mal=2  wall=246.9s
  Median         mal= 0%  acc=52.42%  n_mal=0  wall=238.7s
  Median         mal=20%  acc=52.16%  n_mal=1  wall=216.3s
  Median         mal=40%  acc=49.68%  n_mal=2  wall=157.7s
  Trimmed Mean   mal= 0%  acc=54.59%  n_mal=0  wall=152.8s
  Trimmed Mean   mal=20%  acc=52.11%  n_mal=1  wall=156.0s
  Trimmed Mean   mal=40%  acc=36.14%  n_mal=2  wall=163.8s
  [CHECKPOINT] Saved exp4 measurements to D:\projects\Major Project\verify\results\measured.json

  Compared to paper at 40% malicious:
  [MISMATCH] FedAvg @ 40% mal: paper=41.82% | measured=49.67% (within 3 pp)
  [MISMATCH] Median @ 40% mal: paper=45.95% | measured=49.68% (within 3 pp)
  [MISMATCH] Trimmed Mean @ 40% mal: paper=43.95% | measured=36.14% (within 3 pp)

  --> Saved final results to D:\projects\Major Project\verify\results\measured.json

==============================================================================
  EXPERIMENT 5: Non-IID Dirichlet alpha sweep (Table V)
==============================================================================
  Reference: 5 clients, 3 rounds, AG News, sweep alpha
  alpha=   0.1  acc=53.57%  clients[0]=[2354, 546, 880, 1196]  wall=90.2s
  alpha=   0.3  acc=36.82%  clients[0]=[3394, 1337, 7489, 328]  wall=92.2s
  alpha=   0.5  acc=27.20%  clients[0]=[4359, 7297, 6040, 3884]  wall=95.0s
  alpha=   1.0  acc=42.80%  clients[0]=[4108, 20142, 845, 1811]  wall=93.9s
  alpha=   5.0  acc=52.46%  clients[0]=[5582, 6860, 8326, 4775]  wall=86.4s
  alpha= 100.0  acc=25.00%  clients[0]=[5914, 6195, 6519, 5771]  wall=97.5s
  [CHECKPOINT] Saved exp5 measurements to D:\projects\Major Project\verify\results\measured.json

  Compared to paper:
  [MISMATCH] alpha=0.1: paper=43-48% | measured=53.57% (within 5pp slack)
  [MISMATCH] alpha=0.5: paper=50-54% | measured=27.20% (within 5pp slack)
  [MISMATCH] alpha=100: paper=57-58% | measured=25.00% (within 5pp slack)

  --> Saved final results to D:\projects\Major Project\verify\results\measured.json

==============================================================================
  EXPERIMENT 6: Membership Inference Attack (Table VI)
==============================================================================
  Reference: 3 rounds, members = first 2 clients, MIA AUC
  No DP           acc=44.05%  AUC=0.507  attack_acc=52.7%  mem_loss=1.084  nonmem_loss=1.091
  DP sigma=0.1    acc=25.00%  AUC=0.492  attack_acc=52.0%  mem_loss=1.390  nonmem_loss=1.386
  DP sigma=0.5    acc=25.00%  AUC=0.493  attack_acc=52.7%  mem_loss=1.522  nonmem_loss=1.526
  DP sigma=1.0    acc=25.00%  AUC=0.520  attack_acc=54.2%  mem_loss=21.482  nonmem_loss=22.355
  [CHECKPOINT] Saved exp6 measurements to D:\projects\Major Project\verify\results\measured.json

  Compared to paper:
  [MISMATCH] No DP MIA AUC: paper=0.643 | measured=0.507 (within +/-0.10)
  [MATCH]    sigma=1.0 MIA AUC: paper=0.51 | measured=0.52 (within +/-0.10)

  --> Saved final results to D:\projects\Major Project\verify\results\measured.json

==============================================================================
  EXPERIMENT 7: FedProx vs FedAvg under Dirichlet alpha=0.3 (Table VII)
==============================================================================
  Reference: 5 clients, 3 rounds, alpha=0.3, mu sweep
  FedAvg              alpha=0.3  acc=36.82%  wall=38.7s
  FedProx mu=0.001    alpha=0.3  acc=25.05%  wall=92.2s
  FedProx mu=0.01     alpha=0.3  acc=24.97%  wall=111.7s
  FedProx mu=0.1      alpha=0.3  acc=25.00%  wall=71.8s
  FedProx mu=0.5      alpha=0.3  acc=25.00%  wall=70.1s
  [CHECKPOINT] Saved exp7 measurements to D:\projects\Major Project\verify\results\measured.json

  Compared to paper:
  [MISMATCH] FedAvg @ alpha=0.3: paper=48-52% | measured=36.82% (within 5pp slack)
  [MISMATCH] FedProx sweet (mu=0.1): paper=49-54% | measured=25.00% (within 5pp slack)

  --> Saved final results to D:\projects\Major Project\verify\results\measured.json

==============================================================================
  EXPERIMENT 8: Disease Detection (Table VIII-A)
==============================================================================
  Reference: 24 diseases x 70 symptoms, 10 hospitals, 10 rounds, sigma sweep
  Dataset: 1920 records (1536 train / 384 test) x 70 symptoms x 24 diseases
  sigma=0.00  top1=85.68%  top3=95.31%  wall=3.3s
  sigma=0.05  top1=83.59%  top3=93.23%  wall=2.8s
  sigma=0.10  top1=73.18%  top3=88.54%  wall=2.8s
  sigma=0.20  top1=32.55%  top3=55.73%  wall=2.9s
  [CHECKPOINT] Saved exp8 measurements to D:\projects\Major Project\verify\results\measured.json

  Compared to paper:
  [MISMATCH] sigma=0.10 top-1: paper=82.8% | measured=73.18% (within +/-5 pp)
  [MATCH]    sigma=0.10 top-3: paper=92.4% | measured=88.54% (within +/-5 pp)
  [MATCH]    sigma=0.00 top-1: paper=87.5% | measured=85.68% (within +/-5 pp)
  [MATCH]    sigma=0.00 top-3: paper=95.1% | measured=95.31% (within +/-5 pp)

  --> Saved final results to D:\projects\Major Project\verify\results\measured.json

==============================================================================
  All requested experiments complete in 5651.7s (94.2 min)
==============================================================================
  Results: D:\projects\Major Project\verify\results\measured.json
